###############################################################################
#
# IAR ELF Linker V9.10.1.308/W64 for ARM                  21/Sep/2025  17:33:54
# Copyright 2007-2021 IAR Systems AB.
#
#    Output file  =
#        D:\WORK\Zenit\stm32_skc_mass\EWARM\SMC_VZVES_053\Exe\SMC_VZVES_053.out
#    Map file     =
#        D:\WORK\Zenit\stm32_skc_mass\EWARM\SMC_VZVES_053\List\SMC_VZVES_053.map
#    Command line =
#        -f
#        D:\WORK\Zenit\stm32_skc_mass\EWARM\SMC_VZVES_053\Exe\SMC_VZVES_053.out.rsp
#        (D:\WORK\Zenit\stm32_skc_mass\EWARM\SMC_VZVES_053\Obj\Application\User\Core\main.o
#        D:\WORK\Zenit\stm32_skc_mass\EWARM\SMC_VZVES_053\Obj\Application\User\Core\massaDriver.o
#        D:\WORK\Zenit\stm32_skc_mass\EWARM\SMC_VZVES_053\Obj\Application\User\Core\skc_usart_mass_driver.o
#        D:\WORK\Zenit\stm32_skc_mass\EWARM\SMC_VZVES_053\Obj\Application\EWARM\startup_stm32l053xx.o
#        D:\WORK\Zenit\stm32_skc_mass\EWARM\SMC_VZVES_053\Obj\Drivers\STM32L0xx_HAL_Driver\stm32l0xx_hal.o
#        D:\WORK\Zenit\stm32_skc_mass\EWARM\SMC_VZVES_053\Obj\Drivers\STM32L0xx_HAL_Driver\stm32l0xx_hal_cortex.o
#        D:\WORK\Zenit\stm32_skc_mass\EWARM\SMC_VZVES_053\Obj\Drivers\STM32L0xx_HAL_Driver\stm32l0xx_hal_dma.o
#        D:\WORK\Zenit\stm32_skc_mass\EWARM\SMC_VZVES_053\Obj\Drivers\STM32L0xx_HAL_Driver\stm32l0xx_hal_exti.o
#        D:\WORK\Zenit\stm32_skc_mass\EWARM\SMC_VZVES_053\Obj\Drivers\STM32L0xx_HAL_Driver\stm32l0xx_hal_flash.o
#        D:\WORK\Zenit\stm32_skc_mass\EWARM\SMC_VZVES_053\Obj\Drivers\STM32L0xx_HAL_Driver\stm32l0xx_hal_flash_ex.o
#        D:\WORK\Zenit\stm32_skc_mass\EWARM\SMC_VZVES_053\Obj\Drivers\STM32L0xx_HAL_Driver\stm32l0xx_hal_flash_ramfunc.o
#        D:\WORK\Zenit\stm32_skc_mass\EWARM\SMC_VZVES_053\Obj\Drivers\STM32L0xx_HAL_Driver\stm32l0xx_hal_gpio.o
#        D:\WORK\Zenit\stm32_skc_mass\EWARM\SMC_VZVES_053\Obj\Drivers\STM32L0xx_HAL_Driver\stm32l0xx_hal_i2c.o
#        D:\WORK\Zenit\stm32_skc_mass\EWARM\SMC_VZVES_053\Obj\Drivers\STM32L0xx_HAL_Driver\stm32l0xx_hal_i2c_ex.o
#        D:\WORK\Zenit\stm32_skc_mass\EWARM\SMC_VZVES_053\Obj\Application\User\Core\stm32l0xx_hal_msp.o
#        D:\WORK\Zenit\stm32_skc_mass\EWARM\SMC_VZVES_053\Obj\Drivers\STM32L0xx_HAL_Driver\stm32l0xx_hal_pwr.o
#        D:\WORK\Zenit\stm32_skc_mass\EWARM\SMC_VZVES_053\Obj\Drivers\STM32L0xx_HAL_Driver\stm32l0xx_hal_pwr_ex.o
#        D:\WORK\Zenit\stm32_skc_mass\EWARM\SMC_VZVES_053\Obj\Drivers\STM32L0xx_HAL_Driver\stm32l0xx_hal_rcc.o
#        D:\WORK\Zenit\stm32_skc_mass\EWARM\SMC_VZVES_053\Obj\Drivers\STM32L0xx_HAL_Driver\stm32l0xx_hal_rcc_ex.o
#        D:\WORK\Zenit\stm32_skc_mass\EWARM\SMC_VZVES_053\Obj\Drivers\STM32L0xx_HAL_Driver\stm32l0xx_hal_rng.o
#        D:\WORK\Zenit\stm32_skc_mass\EWARM\SMC_VZVES_053\Obj\Drivers\STM32L0xx_HAL_Driver\stm32l0xx_hal_tim.o
#        D:\WORK\Zenit\stm32_skc_mass\EWARM\SMC_VZVES_053\Obj\Drivers\STM32L0xx_HAL_Driver\stm32l0xx_hal_tim_ex.o
#        D:\WORK\Zenit\stm32_skc_mass\EWARM\SMC_VZVES_053\Obj\Drivers\STM32L0xx_HAL_Driver\stm32l0xx_hal_uart.o
#        D:\WORK\Zenit\stm32_skc_mass\EWARM\SMC_VZVES_053\Obj\Drivers\STM32L0xx_HAL_Driver\stm32l0xx_hal_uart_ex.o
#        D:\WORK\Zenit\stm32_skc_mass\EWARM\SMC_VZVES_053\Obj\Application\User\Core\stm32l0xx_it.o
#        D:\WORK\Zenit\stm32_skc_mass\EWARM\SMC_VZVES_053\Obj\Drivers\CMSIS\system_stm32l0xx.o
#        --no_out_extension -o
#        D:\WORK\Zenit\stm32_skc_mass\EWARM\SMC_VZVES_053\Exe\SMC_VZVES_053.out
#        --redirect _Printf=_PrintfFullNoMb --redirect _Scanf=_ScanfFullNoMb
#        --map
#        D:\WORK\Zenit\stm32_skc_mass\EWARM\SMC_VZVES_053\List\SMC_VZVES_053.map
#        --config D:\WORK\Zenit\stm32_skc_mass\EWARM/stm32l053xx_flash.icf
#        --semihosting --entry __iar_program_start --vfe --text_out locale)
#
###############################################################################

*******************************************************************************
*** RUNTIME MODEL ATTRIBUTES
***

CppFlavor       = *
__SystemLibrary = DLib
__dlib_version  = 6


*******************************************************************************
*** HEAP SELECTION
***

The basic heap was selected because no calls to memory allocation
functions were found in the application outside of system library
functions, and there are calls to deallocation functions in the
application.


*******************************************************************************
*** PLACEMENT SUMMARY
***

"A0":  place at address 0x800'0000 { ro section .intvec };
"P1":  place in [from 0x800'0000 to 0x800'ffff] { ro };
define block CSTACK with size = 1K, alignment = 8 { };
define block HEAP with size = 512, alignment = 8 { };
"P2":  place in [from 0x2000'0000 to 0x2000'1fff] {
          rw, block CSTACK, block HEAP };
initialize by copy { rw };

  Section            Kind         Address    Size  Object
  -------            ----         -------    ----  ------
"A0":                                        0xc0
  .intvec            ro code   0x800'0000    0xc0  startup_stm32l053xx.o [1]
                             - 0x800'00c0    0xc0

"P1":                                      0x4bc6
  .text              ro code   0x800'00c0   0xfe4  xprintffull_nomb.o [5]
  .text              ro code   0x800'10a4    0x12  strchr.o [7]
  .text              ro code   0x800'10b6     0xa  xsprout.o [5]
  .text              ro code   0x800'10c0    0x48  xfail_s.o [5]
  .text              ro code   0x800'1108     0xe  strlen.o [7]
  .rodata            const     0x800'1116     0x2  xlocale_c.o [5]
  .text              ro code   0x800'1118    0x16  memchr.o [7]
  .rodata            const     0x800'112e     0x2  xlocale_c.o [5]
  .text              ro code   0x800'1130    0x4e  ABImemcpy.o [7]
  .text              ro code   0x800'117e    0x2a  frexp.o [6]
  .text              ro code   0x800'11a8    0x32  DblCmpLe.o [6]
  .text              ro code   0x800'11da    0x32  DblCmpGe.o [6]
  .text              ro code   0x800'120c    0x70  ldexp.o [6]
  .text              ro code   0x800'127c    0x52  DblToI32.o [6]
  .text              ro code   0x800'12ce     0x2  startup_stm32l053xx.o [1]
  .text              ro code   0x800'12d0    0x34  IxxToDbl.o [6]
  .text              ro code   0x800'1304   0x1a8  DblAddSub.o [6]
  .text              ro code   0x800'14ac    0xe0  I32DivModFast.o [7]
  .text              ro code   0x800'158c    0xc2  DblDiv.o [6]
  .text              ro code   0x800'164e   0x184  DblMul.o [6]
  .text              ro code   0x800'17d2     0x2  startup_stm32l053xx.o [1]
  .text              ro code   0x800'17d4    0x40  xlocale_c.o [5]
  .text              ro code   0x800'1814    0x6a  I64DivMod.o [7]
  .text              ro code   0x800'187e     0xa  abort.o [5]
  .text              ro code   0x800'1888     0x2  IntDivZer.o [7]
  .text              ro code   0x800'188a     0x2  startup_stm32l053xx.o [1]
  .text              ro code   0x800'188c     0x2  I64DivZer.o [7]
  .text              ro code   0x800'188e     0x2  startup_stm32l053xx.o [1]
  .text              ro code   0x800'1890    0x14  exit.o [8]
  .text              ro code   0x800'18a4   0xef4  stm32l0xx_hal_uart.o [4]
  .text              ro code   0x800'2798    0xfc  stm32l0xx_hal_msp.o [2]
  .text              ro code   0x800'2894    0xb4  stm32l0xx_hal_dma.o [4]
  .text              ro code   0x800'2948   0x45a  main.o [2]
  .text              ro code   0x800'2da2     0x2  stm32l0xx_hal_uart.o [4]
  .text              ro code   0x800'2da4     0x2  stm32l0xx_hal_uart_ex.o [4]
  .text              ro code   0x800'2da6     0x2  startup_stm32l053xx.o [1]
  .text              ro code   0x800'2da8   0x920  stm32l0xx_hal_rcc.o [4]
  .text              ro code   0x800'36c8    0x32  I64Mul.o [7]
  .text              ro code   0x800'36fa     0x2  startup_stm32l053xx.o [1]
  .text              ro code   0x800'36fc     0xc  stm32l0xx_hal.o [4]
  .text              ro code   0x800'3708   0x120  stm32l0xx_hal_cortex.o [4]
  .text              ro code   0x800'3828    0x14  memset.o [7]
  .text              ro code   0x800'383c   0x22c  stm32l0xx_hal_gpio.o [4]
  .text              ro code   0x800'3a68   0x288  skc_usart_mass_driver.o [2]
  .text              ro code   0x800'3cf0    0x30  stm32l0xx_hal.o [4]
  .text              ro code   0x800'3d20    0xaa  stm32l0xx_hal_rng.o [4]
  .text              ro code   0x800'3dca     0x2  startup_stm32l053xx.o [1]
  .text              ro code   0x800'3dcc   0x3c8  stm32l0xx_hal_tim.o [4]
  .text              ro code   0x800'4194   0x11c  massaDriver.o [2]
  .text              ro code   0x800'42b0     0x8  abs.o [5]
  .text              ro code   0x800'42b8    0x4e  ABImemset.o [7]
  .text              ro code   0x800'4306     0x2  startup_stm32l053xx.o [1]
  .text              ro code   0x800'4308   0x274  stm32l0xx_hal_rcc_ex.o [4]
  .text              ro code   0x800'457c    0x70  stm32l0xx_hal_tim_ex.o [4]
  .text              ro code   0x800'45ec    0x50  stm32l0xx_hal.o [4]
  .text              ro code   0x800'463c    0x4c  strtok.o [5]
  .text              ro code   0x800'4688    0xc0  strcmp.o [7]
  .text              ro code   0x800'4748   0x15c  iar_Stoulx.o [5]
  .text              ro code   0x800'48a4    0x40  sprintf.o [5]
  .text              ro code   0x800'48e4     0x2  stm32l0xx_hal_tim.o [4]
  .text              ro code   0x800'48e6     0x2  stm32l0xx_hal_tim.o [4]
  .text              ro code   0x800'48e8     0x2  stm32l0xx_hal_tim.o [4]
  .text              ro code   0x800'48ea     0x2  stm32l0xx_hal_tim.o [4]
  .text              ro code   0x800'48ec    0x24  strspn.o [5]
  .text              ro code   0x800'4910    0x24  strcspn.o [5]
  .text              ro code   0x800'4934    0x12  isspace.o [5]
  .text              ro code   0x800'4946    0x12  tolower.o [5]
  .text              ro code   0x800'4958    0x7c  lz77_init_single.o [7]
  .rodata            const     0x800'49d4    0x6a  xprintffull_nomb.o [5]
  .text              ro code   0x800'4a3e     0x2  startup_stm32l053xx.o [1]
  .rodata            const     0x800'4a40    0x50  iar_Stoulx.o [5]
  .text              ro code   0x800'4a90    0x3c  zero_init3.o [7]
  .text              ro code   0x800'4acc    0x30  stm32l0xx_it.o [2]
  .text              ro code   0x800'4afc    0x18  stm32l0xx_hal.o [4]
  .text              ro code   0x800'4b14    0x28  data_init.o [7]
  .iar.init_table    const     0x800'4b3c    0x20  - Linker created -
  .text              ro code   0x800'4b5c    0x1e  cmain.o [7]
  .text              ro code   0x800'4b7a     0x4  low_level_init.o [5]
  .text              ro code   0x800'4b7e     0x8  exit.o [5]
  .text              ro code   0x800'4b86     0x2  startup_stm32l053xx.o [1]
  .text              ro code   0x800'4b88     0xa  cexit.o [7]
  .text              ro code   0x800'4b92     0x2  startup_stm32l053xx.o [1]
  .text              ro code   0x800'4b94    0x1c  cstartup_M.o [7]
  .rodata            const     0x800'4bb0    0x18  main.o [2]
  .rodata            const     0x800'4bc8    0x14  skc_usart_mass_driver.o [2]
  .rodata            const     0x800'4bdc    0x10  skc_usart_mass_driver.o [2]
  .rodata            const     0x800'4bec    0x10  system_stm32l0xx.o [3]
  .text              ro code   0x800'4bfc    0x10  startup_stm32l053xx.o [1]
  .rodata            const     0x800'4c0c     0xc  system_stm32l0xx.o [3]
  .rodata            const     0x800'4c18     0x8  skc_usart_mass_driver.o [2]
  .rodata            const     0x800'4c20     0x8  skc_usart_mass_driver.o [2]
  .rodata            const     0x800'4c28     0x8  system_stm32l0xx.o [3]
  .text              ro code   0x800'4c30     0x2  startup_stm32l053xx.o [1]
  .text              ro code   0x800'4c32     0x2  startup_stm32l053xx.o [1]
  .text              ro code   0x800'4c34     0x2  startup_stm32l053xx.o [1]
  .text              ro code   0x800'4c36     0x2  startup_stm32l053xx.o [1]
  .text              ro code   0x800'4c38     0x2  startup_stm32l053xx.o [1]
  .text              ro code   0x800'4c3a     0x2  startup_stm32l053xx.o [1]
  .text              ro code   0x800'4c3c     0x2  startup_stm32l053xx.o [1]
  .text              ro code   0x800'4c3e     0x2  startup_stm32l053xx.o [1]
  .text              ro code   0x800'4c40     0x2  startup_stm32l053xx.o [1]
  .text              ro code   0x800'4c42     0x2  startup_stm32l053xx.o [1]
  .text              ro code   0x800'4c44     0x2  startup_stm32l053xx.o [1]
  .text              ro code   0x800'4c46     0x2  startup_stm32l053xx.o [1]
  .text              ro code   0x800'4c48     0x2  startup_stm32l053xx.o [1]
  .text              ro code   0x800'4c4a     0x2  startup_stm32l053xx.o [1]
  .text              ro code   0x800'4c4c     0x2  system_stm32l0xx.o [3]
  .rodata            const     0x800'4c4e     0x1  xlocale_c.o [5]
  .rodata            const     0x800'4c4f     0x0  zero_init3.o [7]
  .rodata            const     0x800'4c4f     0x0  lz77_init_single.o [7]
  Initializer bytes  const     0x800'4c4f    0x37  <for P2-1>
                             - 0x800'4c86  0x4bc6

"P2", part 1 of 3:                           0x89
  P2-1                        0x2000'0000    0x89  <Init block>
    .data            inited   0x2000'0000     0x4  stm32l0xx_hal.o [4]
    .data            inited   0x2000'0004     0x4  system_stm32l0xx.o [3]
    .data            inited   0x2000'0008    0x38  xlocale_c.o [5]
    .data            inited   0x2000'0040    0x48  xlocale_c.o [5]
    .data            inited   0x2000'0088     0x1  stm32l0xx_hal.o [4]
                            - 0x2000'0089    0x89

"P2", part 2 of 3:                          0xf74
  .bss               zero     0x2000'008c   0xcc0  main.o [2]
  .bss               zero     0x2000'0d4c   0x18c  main.o [2]
  .bss               zero     0x2000'0ed8    0x88  main.o [2]
  .bss               zero     0x2000'0f60    0x40  main.o [2]
  .bss               zero     0x2000'0fa0    0x20  main.o [2]
  .bss               zero     0x2000'0fc0    0x20  main.o [2]
  .bss               zero     0x2000'0fe0    0x10  main.o [2]
  .bss               zero     0x2000'0ff0     0x4  stm32l0xx_hal.o [4]
  .bss               zero     0x2000'0ff4     0x4  strtok.o [5]
  .bss               zero     0x2000'0ff8     0x4  xfail_s.o [5]
  .bss               zero     0x2000'0ffc     0x1  main.o [2]
                            - 0x2000'0ffd   0xf71

"P2", part 3 of 3:                          0x400
  CSTACK                      0x2000'1000   0x400  <Block>
    CSTACK           uninit   0x2000'1000   0x400  <Block tail>
                            - 0x2000'1400   0x400

Unused ranges:

         From           To    Size
         ----           --    ----
   0x800'4c86   0x800'ffff  0xb37a
  0x2000'0089  0x2000'008b     0x3
  0x2000'1400  0x2000'1fff   0xc00


*******************************************************************************
*** INIT TABLE
***

          Address      Size
          -------      ----
Zero (__iar_zero_init3)
    1 destination range, total size 0xf71:
          0x2000'008c  0xf71

Copy/lz77 (__iar_lz77_init_single3)
    1 source range, total size 0x37 (40% of destination):
           0x800'4c4f   0x37
    1 destination range, total size 0x89:
          0x2000'0000   0x89



*******************************************************************************
*** MODULE SUMMARY
***

    Module                   ro code  ro data  rw data
    ------                   -------  -------  -------
command line/config:
    --------------------------------------------------
    Total:

D:\WORK\Zenit\stm32_skc_mass\EWARM\SMC_VZVES_053\Obj\Application\EWARM: [1]
    startup_stm32l053xx.o        258
    --------------------------------------------------
    Total:                       258

D:\WORK\Zenit\stm32_skc_mass\EWARM\SMC_VZVES_053\Obj\Application\User\Core: [2]
    main.o                     1'114       24    3'941
    massaDriver.o                284
    skc_usart_mass_driver.o      648       52
    stm32l0xx_hal_msp.o          252
    stm32l0xx_it.o                48
    --------------------------------------------------
    Total:                     2'346       76    3'941

D:\WORK\Zenit\stm32_skc_mass\EWARM\SMC_VZVES_053\Obj\Drivers\CMSIS: [3]
    system_stm32l0xx.o             2       38        4
    --------------------------------------------------
    Total:                         2       38        4

D:\WORK\Zenit\stm32_skc_mass\EWARM\SMC_VZVES_053\Obj\Drivers\STM32L0xx_HAL_Driver: [4]
    stm32l0xx_hal.o              164        2        9
    stm32l0xx_hal_cortex.o       288
    stm32l0xx_hal_dma.o          180
    stm32l0xx_hal_gpio.o         556
    stm32l0xx_hal_rcc.o        2'336
    stm32l0xx_hal_rcc_ex.o       628
    stm32l0xx_hal_rng.o          170
    stm32l0xx_hal_tim.o          976
    stm32l0xx_hal_tim_ex.o       112
    stm32l0xx_hal_uart.o       3'830
    stm32l0xx_hal_uart_ex.o        2
    --------------------------------------------------
    Total:                     9'242        2        9

dl6M_tlf.a: [5]
    abort.o                       10
    abs.o                          8
    exit.o                         8
    iar_Stoulx.o                 348       80
    isspace.o                     18
    low_level_init.o               4
    sprintf.o                     64
    strcspn.o                     36
    strspn.o                      36
    strtok.o                      76                 4
    tolower.o                     18
    xfail_s.o                     72                 4
    xlocale_c.o                   64       56      128
    xprintffull_nomb.o         4'068      106
    xsprout.o                     10
    --------------------------------------------------
    Total:                     4'840      242      136

m6M_tl.a: [6]
    DblAddSub.o                  424
    DblCmpGe.o                    50
    DblCmpLe.o                    50
    DblDiv.o                     194
    DblMul.o                     388
    DblToI32.o                    82
    IxxToDbl.o                    52
    frexp.o                       42
    ldexp.o                      112
    --------------------------------------------------
    Total:                     1'394

rt6M_tl.a: [7]
    ABImemcpy.o                   78
    ABImemset.o                   78
    I32DivModFast.o              224
    I64DivMod.o                  106
    I64DivZer.o                    2
    I64Mul.o                      50
    IntDivZer.o                    2
    cexit.o                       10
    cmain.o                       30
    cstartup_M.o                  28
    data_init.o                   40
    lz77_init_single.o           124
    memchr.o                      22
    memset.o                      20
    strchr.o                      18
    strcmp.o                     192
    strlen.o                      14
    zero_init3.o                  60
    --------------------------------------------------
    Total:                     1'098

shb_l.a: [8]
    exit.o                        20
    --------------------------------------------------
    Total:                        20

    Linker created                         32    1'024
------------------------------------------------------
    Grand Total:              19'200      390    5'114


*******************************************************************************
*** ENTRY LIST
***

Entry                       Address   Size  Type      Object
-----                       -------   ----  ----      ------
.iar.init_table$$Base    0x800'4b3c          --   Gb  - Linker created -
.iar.init_table$$Limit   0x800'4b5c          --   Gb  - Linker created -
?main                    0x800'4b5d         Code  Gb  cmain.o [7]
AHBPrescTable            0x800'4bec   0x10  Data  Gb  system_stm32l0xx.o [3]
APBPrescTable            0x800'4c28    0x8  Data  Gb  system_stm32l0xx.o [3]
CSTACK$$Base            0x2000'1000          --   Gb  - Linker created -
CSTACK$$Limit           0x2000'1400          --   Gb  - Linker created -
Error_Handler            0x800'2d9d    0x6  Code  Gb  main.o [2]
HAL_DMA_Abort            0x800'2895   0x56  Code  Gb  stm32l0xx_hal_dma.o [4]
HAL_DMA_Abort_IT         0x800'28eb   0x5e  Code  Gb  stm32l0xx_hal_dma.o [4]
HAL_GPIO_Init            0x800'383d  0x1ea  Code  Gb  stm32l0xx_hal_gpio.o [4]
HAL_GPIO_WritePin        0x800'3a27   0x1a  Code  Gb  stm32l0xx_hal_gpio.o [4]
HAL_GetTick              0x800'36fd    0xc  Code  Gb  stm32l0xx_hal.o [4]
HAL_IncTick              0x800'4afd   0x18  Code  Gb  stm32l0xx_hal.o [4]
HAL_Init                 0x800'3cf1   0x2a  Code  Gb  stm32l0xx_hal.o [4]
HAL_InitTick             0x800'45ed   0x50  Code  Gb  stm32l0xx_hal.o [4]
HAL_MspInit              0x800'2799   0x1c  Code  Gb  stm32l0xx_hal_msp.o [2]
HAL_NVIC_EnableIRQ       0x800'37f5    0xe  Code  Gb  stm32l0xx_hal_cortex.o [4]
HAL_NVIC_SetPriority     0x800'37e1   0x14  Code  Gb  stm32l0xx_hal_cortex.o [4]
HAL_RCCEx_PeriphCLKConfig
                         0x800'4309  0x23a  Code  Gb  stm32l0xx_hal_rcc_ex.o [4]
HAL_RCC_ClockConfig      0x800'33c9  0x1e6  Code  Gb  stm32l0xx_hal_rcc.o [4]
HAL_RCC_GetHCLKFreq      0x800'365f    0x6  Code  Gb  stm32l0xx_hal_rcc.o [4]
HAL_RCC_GetPCLK1Freq     0x800'3665   0x18  Code  Gb  stm32l0xx_hal_rcc.o [4]
HAL_RCC_GetPCLK2Freq     0x800'367d   0x18  Code  Gb  stm32l0xx_hal_rcc.o [4]
HAL_RCC_GetSysClockFreq
                         0x800'35c5   0x9a  Code  Gb  stm32l0xx_hal_rcc.o [4]
HAL_RCC_OscConfig        0x800'2da9  0x5f4  Code  Gb  stm32l0xx_hal_rcc.o [4]
HAL_RNG_GenerateRandomNumber
                         0x800'3d59   0x72  Code  Gb  stm32l0xx_hal_rng.o [4]
HAL_RNG_Init             0x800'3d21   0x38  Code  Gb  stm32l0xx_hal_rng.o [4]
HAL_RNG_MspInit          0x800'27b5   0x28  Code  Gb  stm32l0xx_hal_msp.o [2]
HAL_SYSTICK_Config       0x800'3803    0xc  Code  Gb  stm32l0xx_hal_cortex.o [4]
HAL_TIMEx_MasterConfigSynchronization
                         0x800'457d   0x68  Code  Gb  stm32l0xx_hal_tim_ex.o [4]
HAL_TIM_Base_Init        0x800'3dcd   0x56  Code  Gb  stm32l0xx_hal_tim.o [4]
HAL_TIM_Base_MspInit     0x800'27dd   0x2c  Code  Gb  stm32l0xx_hal_msp.o [2]
HAL_TIM_Base_Start_IT    0x800'3e23   0x68  Code  Gb  stm32l0xx_hal_tim.o [4]
HAL_TIM_ConfigClockSource
                         0x800'3fb3   0xfa  Code  Gb  stm32l0xx_hal_tim.o [4]
HAL_TIM_IC_CaptureCallback
                         0x800'48e5    0x2  Code  Gb  stm32l0xx_hal_tim.o [4]
HAL_TIM_IRQHandler       0x800'3e95  0x11e  Code  Gb  stm32l0xx_hal_tim.o [4]
HAL_TIM_OC_DelayElapsedCallback
                         0x800'48e7    0x2  Code  Gb  stm32l0xx_hal_tim.o [4]
HAL_TIM_PWM_PulseFinishedCallback
                         0x800'48e9    0x2  Code  Gb  stm32l0xx_hal_tim.o [4]
HAL_TIM_PeriodElapsedCallback
                         0x800'2997   0x3c  Code  Gb  main.o [2]
HAL_TIM_TriggerCallback
                         0x800'48eb    0x2  Code  Gb  stm32l0xx_hal_tim.o [4]
HAL_UARTEx_RxEventCallback
                         0x800'2da3    0x2  Code  Gb  stm32l0xx_hal_uart.o [4]
HAL_UARTEx_WakeupCallback
                         0x800'2da5    0x2  Code  Gb  stm32l0xx_hal_uart_ex.o [4]
HAL_UART_ErrorCallback   0x800'2983   0x14  Code  Gb  main.o [2]
HAL_UART_IRQHandler      0x800'1a35  0x348  Code  Gb  stm32l0xx_hal_uart.o [4]
HAL_UART_Init            0x800'18a5   0x7a  Code  Gb  stm32l0xx_hal_uart.o [4]
HAL_UART_MspInit         0x800'2809   0x6e  Code  Gb  stm32l0xx_hal_msp.o [2]
HAL_UART_Receive_IT      0x800'19ad   0x7c  Code  Gb  stm32l0xx_hal_uart.o [4]
HAL_UART_RxCpltCallback
                         0x800'2949   0x20  Code  Gb  main.o [2]
HAL_UART_Transmit_IT     0x800'1925   0x88  Code  Gb  stm32l0xx_hal_uart.o [4]
HAL_UART_TxCpltCallback
                         0x800'2969   0x1a  Code  Gb  main.o [2]
HardFault_Handler        0x800'4ad1    0x4  Code  Gb  stm32l0xx_it.o [2]
MX_GPIO_Init             0x800'2ce1   0x88  Code  Lc  main.o [2]
MX_RNG_Init              0x800'2bbf   0x18  Code  Lc  main.o [2]
MX_TIM2_Init             0x800'2be5   0x82  Code  Lc  main.o [2]
MX_USART1_UART_Init      0x800'2c6d   0x50  Code  Lc  main.o [2]
NMI_Handler              0x800'4acd    0x4  Code  Gb  stm32l0xx_it.o [2]
PLLMulTable              0x800'4c0c    0xc  Data  Gb  system_stm32l0xx.o [3]
PendSV_Handler           0x800'4ad7    0x2  Code  Gb  stm32l0xx_it.o [2]
Region$$Table$$Base      0x800'4b3c          --   Gb  - Linker created -
Region$$Table$$Limit     0x800'4b5c          --   Gb  - Linker created -
SVC_Handler              0x800'4ad5    0x2  Code  Gb  stm32l0xx_it.o [2]
SysTick_Config           0x800'37af   0x32  Code  Lc  stm32l0xx_hal_cortex.o [4]
SysTick_Handler          0x800'4ad9    0x8  Code  Gb  stm32l0xx_it.o [2]
SystemClock_Config       0x800'2b15   0xaa  Code  Gb  main.o [2]
SystemCoreClock         0x2000'0004    0x4  Data  Gb  system_stm32l0xx.o [3]
SystemInit               0x800'4c4d    0x2  Code  Gb  system_stm32l0xx.o [3]
TIM2_IRQHandler          0x800'4ae1    0xa  Code  Gb  stm32l0xx_it.o [2]
TIM_Base_SetConfig       0x800'40b1   0x5e  Code  Lc  stm32l0xx_hal_tim.o [4]
TIM_ETR_SetConfig        0x800'4171   0x16  Code  Lc  stm32l0xx_hal_tim.o [4]
TIM_ITRx_SetConfig       0x800'4161   0x10  Code  Lc  stm32l0xx_hal_tim.o [4]
TIM_TI1_ConfigInputStage
                         0x800'410f   0x24  Code  Lc  stm32l0xx_hal_tim.o [4]
TIM_TI2_ConfigInputStage
                         0x800'4133   0x26  Code  Lc  stm32l0xx_hal_tim.o [4]
UART_AdvFeatureConfig    0x800'209d   0xde  Code  Gb  stm32l0xx_hal_uart.o [4]
UART_CheckIdleState      0x800'2195   0xd4  Code  Gb  stm32l0xx_hal_uart.o [4]
UART_DMAAbortOnError     0x800'2491   0x14  Code  Lc  stm32l0xx_hal_uart.o [4]
UART_EndRxTransfer       0x800'2419   0x66  Code  Lc  stm32l0xx_hal_uart.o [4]
UART_EndTransmit_IT      0x800'256b   0x2e  Code  Lc  stm32l0xx_hal_uart.o [4]
UART_RxISR_16BIT         0x800'2691   0xf8  Code  Lc  stm32l0xx_hal_uart.o [4]
UART_RxISR_8BIT          0x800'2599   0xf8  Code  Lc  stm32l0xx_hal_uart.o [4]
UART_SetConfig           0x800'1d8d  0x2fe  Code  Gb  stm32l0xx_hal_uart.o [4]
UART_Start_Receive_IT    0x800'2317   0xf6  Code  Gb  stm32l0xx_hal_uart.o [4]
UART_TxISR_16BIT         0x800'2505   0x66  Code  Lc  stm32l0xx_hal_uart.o [4]
UART_TxISR_8BIT          0x800'24a5   0x60  Code  Lc  stm32l0xx_hal_uart.o [4]
UART_WaitOnFlagUntilTimeout
                         0x800'227d   0x9a  Code  Gb  stm32l0xx_hal_uart.o [4]
USART1_IRQHandler        0x800'4aeb    0xa  Code  Gb  stm32l0xx_it.o [2]
_LitobFullNoMb           0x800'0edd  0x124  Code  Lc  xprintffull_nomb.o [5]
_LocaleC_isspace         0x800'17e1   0x14  Code  Gb  xlocale_c.o [5]
_LocaleC_isupper         0x800'17d5    0x2  Code  Gb  xlocale_c.o [5]
_LocaleC_tolower         0x800'17f5    0xc  Code  Gb  xlocale_c.o [5]
_Locale_lconv           0x2000'0008   0x38  Data  Lc  xlocale_c.o [5]
_PrintfFullNoMb          0x800'00c1  0xe1c  Code  Gb  xprintffull_nomb.o [5]
_PutcharFullNoMb         0x800'104d   0x22  Code  Lc  xprintffull_nomb.o [5]
_PutcharsFullNoMb        0x800'106f   0x36  Code  Lc  xprintffull_nomb.o [5]
_SProut                  0x800'10b7    0xa  Code  Gb  xsprout.o [5]
_Strtok_ssave           0x2000'0ff4    0x4  Data  Lc  strtok.o [5]
__NVIC_EnableIRQ         0x800'3709   0x18  Code  Lc  stm32l0xx_hal_cortex.o [4]
__NVIC_SetPriority       0x800'3721   0x8e  Code  Lc  stm32l0xx_hal_cortex.o [4]
__aeabi_cdcmple          0x800'11a9         Code  Gb  DblCmpLe.o [6]
__aeabi_cdrcmple         0x800'11db         Code  Gb  DblCmpGe.o [6]
__aeabi_d2iz             0x800'127d         Code  Gb  DblToI32.o [6]
__aeabi_d2uiz            0x800'12a1         Code  Gb  DblToI32.o [6]
__aeabi_ddiv             0x800'158d         Code  Gb  DblDiv.o [6]
__aeabi_dmul             0x800'164f         Code  Gb  DblMul.o [6]
__aeabi_dsub             0x800'13bf         Code  Gb  DblAddSub.o [6]
__aeabi_i2d              0x800'12f1         Code  Gb  IxxToDbl.o [6]
__aeabi_idiv             0x800'14d9         Code  Gb  I32DivModFast.o [7]
__aeabi_idiv0            0x800'1889         Code  Gb  IntDivZer.o [7]
__aeabi_idivmod          0x800'14d9         Code  Gb  I32DivModFast.o [7]
__aeabi_ldiv0            0x800'188d         Code  Gb  I64DivZer.o [7]
__aeabi_lmul             0x800'36c9         Code  Gb  I64Mul.o [7]
__aeabi_memcpy           0x800'1165         Code  Gb  ABImemcpy.o [7]
__aeabi_memcpy4          0x800'1131         Code  Gb  ABImemcpy.o [7]
__aeabi_memcpy8          0x800'1131         Code  Gb  ABImemcpy.o [7]
__aeabi_memset           0x800'42b9         Code  Gb  ABImemset.o [7]
__aeabi_ui2d             0x800'12d1         Code  Gb  IxxToDbl.o [6]
__aeabi_uidiv            0x800'14df         Code  Gb  I32DivModFast.o [7]
__aeabi_uidivmod         0x800'14df         Code  Gb  I32DivModFast.o [7]
__aeabi_uldivmod         0x800'1815         Code  Gb  I64DivMod.o [7]
__cmain                  0x800'4b5d         Code  Gb  cmain.o [7]
__exit                   0x800'1891   0x14  Code  Gb  exit.o [8]
__iar_Fail_s             0x800'10c1   0x22  Code  Gb  xfail_s.o [5]
__iar_Memchr             0x800'1119         Code  Gb  memchr.o [7]
__iar_Memcpy             0x800'1171         Code  Gb  ABImemcpy.o [7]
__iar_Memset4_word       0x800'42d9         Code  Gb  ABImemset.o [7]
__iar_Memset_word        0x800'42c5         Code  Gb  ABImemset.o [7]
__iar_Stoulx             0x800'4749  0x14c  Code  Gb  iar_Stoulx.o [5]
__iar_Strchr             0x800'10a5         Code  Gb  strchr.o [7]
__iar_d2uiz              0x800'12a5         Code  Gb  DblToI32.o [6]
__iar_data_init3         0x800'4b15   0x28  Code  Gb  data_init.o [7]
__iar_frexp              0x800'118b         Code  Gb  frexp.o [6]
__iar_frexp64            0x800'117f         Code  Gb  frexp.o [6]
__iar_frexpl             0x800'118b         Code  Gb  frexp.o [6]
__iar_globLocale        0x2000'0040   0x48  Data  Lc  xlocale_c.o [5]
__iar_global_Locale      0x800'1801    0x4  Code  Gb  xlocale_c.o [5]
__iar_ldexp64            0x800'120d         Code  Gb  ldexp.o [6]
__iar_lz77_init_single3
                         0x800'4959   0x7c  Code  Gb  lz77_init_single.o [7]
__iar_program_start      0x800'4b95         Code  Gb  cstartup_M.o [7]
__iar_scalbln64          0x800'120d         Code  Gb  ldexp.o [6]
__iar_scalbn64           0x800'120d         Code  Gb  ldexp.o [6]
__iar_zero_init3         0x800'4a91   0x3c  Code  Gb  zero_init3.o [7]
__low_level_init         0x800'4b7b    0x4  Code  Gb  low_level_init.o [5]
__vector_table           0x800'0000         Data  Gb  startup_stm32l053xx.o [1]
_call_main               0x800'4b69         Code  Gb  cmain.o [7]
_exit                    0x800'4b89         Code  Gb  cexit.o [7]
abort                    0x800'187f    0xa  Code  Gb  abort.o [5]
abs                      0x800'42b1    0x8  Code  Gb  abs.o [5]
addMass                  0x800'4195   0x30  Code  Gb  massaDriver.o [2]
atoi                     0x800'4895    0x4  Code  Gb  iar_Stoulx.o [5]
counterNewSend          0x2000'0fa0   0x20  Data  Gb  main.o [2]
digits                   0x800'4a68   0x28  Data  Lc  iar_Stoulx.o [5]
driverProcess            0x800'3bdd   0x86  Code  Gb  skc_usart_mass_driver.o [2]
exit                     0x800'4b7f    0x8  Code  Gb  exit.o [5]
frexp                    0x800'117f         Code  Gb  frexp.o [6]
frexpl                   0x800'117f         Code  Gb  frexp.o [6]
getMassAndNext           0x800'41dd   0x2e  Code  Gb  massaDriver.o [2]
getValueSensor           0x800'4269   0x2e  Code  Gb  massaDriver.o [2]
hrng                    0x2000'0fe0   0x10  Data  Gb  main.o [2]
htim2                   0x2000'0f60   0x40  Data  Gb  main.o [2]
huart1                  0x2000'0ed8   0x88  Data  Gb  main.o [2]
initMass                 0x800'420b   0x5e  Code  Gb  massaDriver.o [2]
initUsartDriver          0x800'3cd1   0x20  Code  Gb  skc_usart_mass_driver.o [2]
isEmptyBank              0x800'41c5   0x18  Code  Gb  massaDriver.o [2]
isReady                  0x800'3c63   0x1a  Code  Gb  skc_usart_mass_driver.o [2]
isspace                  0x800'4935   0x12  Code  Gb  isspace.o [5]
ldexp                    0x800'120d         Code  Gb  ldexp.o [6]
ldexpl                   0x800'120d         Code  Gb  ldexp.o [6]
localeconv               0x800'1805    0x4  Code  Gb  xlocale_c.o [5]
main                     0x800'29d3  0x142  Code  Gb  main.o [2]
massDriver              0x2000'008c  0xcc0  Data  Gb  main.o [2]
memchr                   0x800'1119         Code  Gb  memchr.o [7]
memset                   0x800'3829   0x14  Code  Gb  memset.o [7]
ndigs                    0x800'4a40   0x28  Data  Lc  iar_Stoulx.o [5]
reciveUsartSumbol        0x800'3a69  0x174  Code  Gb  skc_usart_mass_driver.o [2]
scalbln                  0x800'120d         Code  Gb  ldexp.o [6]
scalblnl                 0x800'120d         Code  Gb  ldexp.o [6]
scalbn                   0x800'120d         Code  Gb  ldexp.o [6]
scalbnl                  0x800'120d         Code  Gb  ldexp.o [6]
scale                    0x800'1001   0x44  Code  Lc  xprintffull_nomb.o [5]
sec_hand                0x2000'0ff8    0x4  Data  Lc  xfail_s.o [5]
sendMassFrame            0x800'3c7d   0x3c  Code  Gb  skc_usart_mass_driver.o [2]
sim                     0x2000'0ffc    0x1  Data  Gb  main.o [2]
sprintf                  0x800'48a5   0x40  Code  Gb  sprintf.o [5]
strchr                   0x800'10a5         Code  Gb  strchr.o [7]
strcmp                   0x800'4699         Code  Gb  strcmp.o [7]
strcspn                  0x800'4911   0x24  Code  Gb  strcspn.o [5]
strlen                   0x800'1109         Code  Gb  strlen.o [7]
strspn                   0x800'48ed   0x24  Code  Gb  strspn.o [5]
strtok                   0x800'463d   0x4c  Code  Gb  strtok.o [5]
timeReloadeNewSend      0x2000'0fc0   0x20  Data  Gb  main.o [2]
tolower                  0x800'4947   0x12  Code  Gb  tolower.o [5]
usartDriver             0x2000'0d4c  0x18c  Data  Gb  main.o [2]
uwTick                  0x2000'0ff0    0x4  Data  Gb  stm32l0xx_hal.o [4]
uwTickFreq              0x2000'0088    0x1  Data  Gb  stm32l0xx_hal.o [4]
uwTickPrio              0x2000'0000    0x4  Data  Gb  stm32l0xx_hal.o [4]


[1] = D:\WORK\Zenit\stm32_skc_mass\EWARM\SMC_VZVES_053\Obj\Application\EWARM
[2] = D:\WORK\Zenit\stm32_skc_mass\EWARM\SMC_VZVES_053\Obj\Application\User\Core
[3] = D:\WORK\Zenit\stm32_skc_mass\EWARM\SMC_VZVES_053\Obj\Drivers\CMSIS
[4] = D:\WORK\Zenit\stm32_skc_mass\EWARM\SMC_VZVES_053\Obj\Drivers\STM32L0xx_HAL_Driver
[5] = dl6M_tlf.a
[6] = m6M_tl.a
[7] = rt6M_tl.a
[8] = shb_l.a

  19'200 bytes of readonly  code memory
     390 bytes of readonly  data memory
   5'114 bytes of readwrite data memory

Errors: none
Warnings: none
